// Jest Snapshot v1, https://goo.gl/fbAQLP

exports[`Storyshots LanguageSelector Default options 1`] = `
<div>
  <div
    style={undefined}
  >
    <div
      style={
        Object {
          "WebkitFontSmoothing": "antialiased",
          "backgroundColor": "#fff",
          "border": "1px solid #eee",
          "borderRadius": "2px",
          "boxShadow": "0px 2px 3px rgba(0, 0, 0, 0.05)",
          "color": "#444",
          "fontFamily": "-apple-system, \\".SFNSText-Regular\\", \\"San Francisco\\", BlinkMacSystemFont, \\"Segoe UI\\", \\"Roboto\\", \\"Oxygen\\", \\"Ubuntu\\", \\"Cantarell\\", \\"Fira Sans\\", \\"Droid Sans\\", \\"Helvetica Neue\\", \\"Lucida Grande\\", \\"Arial\\", sans-serif",
          "fontSize": "15px",
          "fontWeight": 300,
          "lineHeight": 1.45,
          "marginBottom": "20px",
          "marginTop": "20px",
          "padding": "20px 40px 40px",
        }
      }
    >
      <div
        style={
          Object {
            "borderBottom": "1px solid #eee",
            "marginBottom": 10,
            "paddingTop": 10,
          }
        }
      >
        <h1
          style={
            Object {
              "fontSize": "35px",
              "margin": 0,
              "padding": 0,
            }
          }
        >
          LanguageSelector
        </h1>
        <h2
          style={
            Object {
              "fontSize": "22px",
              "fontWeight": 400,
              "margin": "0 0 10px 0",
              "padding": 0,
            }
          }
        >
          Default options
        </h2>
      </div>
    </div>
  </div>
  <div
    style={Object {}}
  >
    <div
      style={
        Object {
          "margin": "20px",
        }
      }
    >
      <p>
        some text to translate
      </p>
      <div>
        <div
          className={undefined}
          style={
            Object {
              "backgroundColor": "transparent",
              "cursor": "auto",
              "display": "inline-block",
              "fontFamily": "Roboto, sans-serif",
              "fontSize": 16,
              "height": 48,
              "lineHeight": "24px",
              "muiPrepared": true,
              "position": "relative",
              "transition": "height 200ms cubic-bezier(0.23, 1, 0.32, 1) 0ms",
              "width": 256,
            }
          }
        >
          <div
            style={
              Object {
                "bottom": 12,
                "color": "rgba(0, 0, 0, 0.3)",
                "muiPrepared": true,
                "opacity": 0,
                "position": "absolute",
                "transition": "all 450ms cubic-bezier(0.23, 1, 0.32, 1) 0ms",
              }
            }
          >
             
          </div>
          <div
            className={undefined}
            id="gctools-nrc-language-selector"
            onBlur={[Function]}
            onChange={[Function]}
            onFocus={[Function]}
            style={
              Object {
                "WebkitOpacity": 1,
                "WebkitTapHighlightColor": "rgba(0,0,0,0)",
                "backgroundColor": "rgba(0,0,0,0)",
                "border": "none",
                "color": "rgba(0, 0, 0, 0.87)",
                "cursor": "inherit",
                "display": "block",
                "font": "inherit",
                "fontFamily": "Roboto, sans-serif",
                "fontSize": 15,
                "height": "100%",
                "muiPrepared": true,
                "outline": "none",
                "padding": 0,
                "position": "relative",
                "transition": "all 450ms cubic-bezier(0.23, 1, 0.32, 1) 0ms",
                "width": "100%",
              }
            }
          >
            <div
              onClick={[Function]}
              style={
                Object {
                  "cursor": "pointer",
                  "height": "100%",
                  "muiPrepared": true,
                  "position": "relative",
                  "width": "100%",
                }
              }
            >
              <div
                style={
                  Object {
                    "boxSizing": "border-box",
                    "content": "' '",
                    "display": "table",
                    "muiPrepared": true,
                  }
                }
              />
              <div
                style={
                  Object {
                    "color": "rgba(0, 0, 0, 0.87)",
                    "height": "56px",
                    "lineHeight": "56px",
                    "muiPrepared": true,
                    "opacity": 1,
                    "overflow": "hidden",
                    "paddingLeft": 0,
                    "paddingRight": 56,
                    "position": "relative",
                    "textOverflow": "ellipsis",
                    "top": -4,
                    "whiteSpace": "nowrap",
                  }
                }
              >
                English - Canada
              </div>
              <button
                disabled={false}
                onBlur={[Function]}
                onClick={[Function]}
                onFocus={[Function]}
                onKeyDown={[Function]}
                onKeyUp={[Function]}
                onMouseEnter={[Function]}
                onMouseLeave={[Function]}
                onMouseOut={[Function]}
                onTouchStart={[Function]}
                style={
                  Object {
                    "WebkitTapHighlightColor": "rgba(0, 0, 0, 0)",
                    "background": "none",
                    "border": 10,
                    "boxSizing": "border-box",
                    "cursor": "pointer",
                    "display": "inline-block",
                    "fill": "#e0e0e0",
                    "fontFamily": "Roboto, sans-serif",
                    "fontSize": 0,
                    "fontWeight": "inherit",
                    "height": 48,
                    "margin": 0,
                    "muiPrepared": true,
                    "outline": "none",
                    "overflow": "visible",
                    "padding": 12,
                    "position": "absolute",
                    "right": 0,
                    "textDecoration": "none",
                    "top": 0,
                    "transition": "all 450ms cubic-bezier(0.23, 1, 0.32, 1) 0ms",
                    "verticalAlign": null,
                    "width": 48,
                  }
                }
                tabIndex={0}
                type="button"
              >
                <div
                  onMouseDown={[Function]}
                  onMouseLeave={[Function]}
                  onMouseUp={[Function]}
                  onTouchEnd={[Function]}
                  onTouchStart={[Function]}
                >
                  <svg
                    onMouseEnter={[Function]}
                    onMouseLeave={[Function]}
                    style={
                      Object {
                        "color": "rgba(0, 0, 0, 0.87)",
                        "display": "inline-block",
                        "fill": "inherit",
                        "height": 24,
                        "muiPrepared": true,
                        "transition": "all 450ms cubic-bezier(0.23, 1, 0.32, 1) 0ms",
                        "userSelect": "none",
                        "width": 24,
                      }
                    }
                    viewBox="0 0 24 24"
                  >
                    <path
                      d="M7 10l5 5 5-5z"
                    />
                  </svg>
                </div>
              </button>
              <div
                style={
                  Object {
                    "borderTop": "none",
                    "bottom": 1,
                    "left": 0,
                    "margin": "-1px 24px",
                    "muiPrepared": true,
                    "position": "absolute",
                    "right": 0,
                  }
                }
              />
              <div
                style={
                  Object {
                    "boxSizing": "border-box",
                    "clear": "both",
                    "content": "' '",
                    "display": "table",
                    "muiPrepared": true,
                  }
                }
              />
            </div>
            <div
              style={
                Object {
                  "display": "none",
                }
              }
            />
          </div>
          <div>
            <hr
              aria-hidden="true"
              style={
                Object {
                  "borderBottomStyle": "solid",
                  "borderBottomWidth": 1,
                  "borderColor": "#e0e0e0",
                  "borderLeft": "none",
                  "borderRight": "none",
                  "borderTop": "none",
                  "bottom": 8,
                  "boxSizing": "content-box",
                  "margin": 0,
                  "muiPrepared": true,
                  "position": "absolute",
                  "width": "100%",
                }
              }
            />
            <hr
              aria-hidden="true"
              style={
                Object {
                  "borderBottomStyle": "solid",
                  "borderBottomWidth": 2,
                  "borderColor": "#00bcd4",
                  "borderLeft": "none",
                  "borderRight": "none",
                  "borderTop": "none",
                  "bottom": 8,
                  "boxSizing": "content-box",
                  "margin": 0,
                  "muiPrepared": true,
                  "position": "absolute",
                  "transform": "scaleX(0)",
                  "transition": "all 450ms cubic-bezier(0.23, 1, 0.32, 1) 0ms",
                  "width": "100%",
                }
              }
            />
          </div>
        </div>
      </div>
    </div>
  </div>
  <div
    style={undefined}
  >
    <div
      style={
        Object {
          "WebkitFontSmoothing": "antialiased",
          "backgroundColor": "#fff",
          "border": "1px solid #eee",
          "borderRadius": "2px",
          "boxShadow": "0px 2px 3px rgba(0, 0, 0, 0.05)",
          "color": "#444",
          "fontFamily": "-apple-system, \\".SFNSText-Regular\\", \\"San Francisco\\", BlinkMacSystemFont, \\"Segoe UI\\", \\"Roboto\\", \\"Oxygen\\", \\"Ubuntu\\", \\"Cantarell\\", \\"Fira Sans\\", \\"Droid Sans\\", \\"Helvetica Neue\\", \\"Lucida Grande\\", \\"Arial\\", sans-serif",
          "fontSize": "15px",
          "fontWeight": 300,
          "lineHeight": 1.45,
          "marginBottom": "20px",
          "marginTop": "20px",
          "padding": "20px 40px 40px",
        }
      }
    >
      <div
        style={
          Object {
            "borderTop": "1px solid #eee",
            "margin": "20px 0 0 0",
          }
        }
      >
        <div>
          <p>
            The language selector component is a simple drop down list allowing the end user to choose a language.
          </p>
          <p>
            The list of languages is read directly from the localization service made available by using \`i18n-translation-webpack-plugin\`, and when the user chooses a language, that localization service is updated and notifies any listeners automatically.
          </p>
        </div>
      </div>
      <div>
        <h1
          style={
            Object {
              "borderBottom": "1px solid #EEE",
              "fontSize": "25px",
              "margin": "20px 0 0 0",
              "padding": "0 0 5px 0",
            }
          }
        >
          Prop Types
        </h1>
        <div>
          <h2
            style={
              Object {
                "margin": "20px 0 0 0",
              }
            }
          >
            "
            LocalizedLanguageSelector
            " Component
          </h2>
          <table
            className="css-1ytzlk7"
          >
            <thead>
              <tr>
                <th
                  className="css-d52hbj"
                >
                  property
                </th>
                <th
                  className="css-d52hbj"
                >
                  propType
                </th>
                <th
                  className="css-d52hbj"
                >
                  required
                </th>
                <th
                  className="css-d52hbj"
                >
                  default
                </th>
                <th
                  className="css-d52hbj"
                >
                  description
                </th>
              </tr>
            </thead>
            <tbody>
              <tr>
                <td
                  className="css-1ygfcef"
                >
                  labelStyle
                </td>
                <td
                  className="css-1ygfcef"
                >
                  <span />
                </td>
                <td
                  className="css-d52hbj"
                >
                  -
                </td>
                <td
                  className="css-d52hbj"
                >
                  <span
                    style={
                      Object {
                        "color": "#22a",
                        "wordBreak": "break-word",
                      }
                    }
                  >
                    "
                    {}
                    "
                  </span>
                </td>
                <td
                  className="css-d52hbj"
                >
                  Style applied to the select box label.
                </td>
              </tr>
              <tr>
                <td
                  className="css-1ygfcef"
                >
                  selectedLanguageStyle
                </td>
                <td
                  className="css-1ygfcef"
                >
                  <span />
                </td>
                <td
                  className="css-d52hbj"
                >
                  -
                </td>
                <td
                  className="css-d52hbj"
                >
                  <span
                    style={
                      Object {
                        "color": "#22a",
                        "wordBreak": "break-word",
                      }
                    }
                  >
                    "
                    {}
                    "
                  </span>
                </td>
                <td
                  className="css-d52hbj"
                >
                  Style applied to the selected language in the list.
                </td>
              </tr>
              <tr>
                <td
                  className="css-1ygfcef"
                >
                  languageItemStyle
                </td>
                <td
                  className="css-1ygfcef"
                >
                  <span />
                </td>
                <td
                  className="css-d52hbj"
                >
                  -
                </td>
                <td
                  className="css-d52hbj"
                >
                  <span
                    style={
                      Object {
                        "color": "#22a",
                        "wordBreak": "break-word",
                      }
                    }
                  >
                    "
                    {}
                    "
                  </span>
                </td>
                <td
                  className="css-d52hbj"
                >
                  Style applied to each language in the list.
                </td>
              </tr>
            </tbody>
          </table>
        </div>
      </div>
    </div>
  </div>
</div>
`;

exports[`Storyshots LanguageSelector setting the labelStyle prop 1`] = `
<div
  style={
    Object {
      "margin": "20px",
    }
  }
>
  <p>
    some text to translate
  </p>
  <div>
    <div
      className={undefined}
      style={
        Object {
          "backgroundColor": "transparent",
          "cursor": "auto",
          "display": "inline-block",
          "fontFamily": "Roboto, sans-serif",
          "fontSize": 16,
          "height": 48,
          "lineHeight": "24px",
          "muiPrepared": true,
          "position": "relative",
          "transition": "height 200ms cubic-bezier(0.23, 1, 0.32, 1) 0ms",
          "width": 256,
        }
      }
    >
      <div
        style={
          Object {
            "bottom": 12,
            "color": "rgba(0, 0, 0, 0.3)",
            "muiPrepared": true,
            "opacity": 0,
            "position": "absolute",
            "transition": "all 450ms cubic-bezier(0.23, 1, 0.32, 1) 0ms",
          }
        }
      >
         
      </div>
      <div
        className={undefined}
        id="gctools-nrc-language-selector"
        onBlur={[Function]}
        onChange={[Function]}
        onFocus={[Function]}
        style={
          Object {
            "WebkitOpacity": 1,
            "WebkitTapHighlightColor": "rgba(0,0,0,0)",
            "backgroundColor": "rgba(0,0,0,0)",
            "border": "none",
            "color": "rgba(0, 0, 0, 0.87)",
            "cursor": "inherit",
            "display": "block",
            "font": "inherit",
            "fontFamily": "Roboto, sans-serif",
            "fontSize": 15,
            "height": "100%",
            "muiPrepared": true,
            "outline": "none",
            "padding": 0,
            "position": "relative",
            "transition": "all 450ms cubic-bezier(0.23, 1, 0.32, 1) 0ms",
            "width": "100%",
          }
        }
      >
        <div
          onClick={[Function]}
          style={
            Object {
              "cursor": "pointer",
              "height": "100%",
              "muiPrepared": true,
              "position": "relative",
              "width": "100%",
            }
          }
        >
          <div
            style={
              Object {
                "boxSizing": "border-box",
                "content": "' '",
                "display": "table",
                "muiPrepared": true,
              }
            }
          />
          <div
            style={
              Object {
                "border": "1px solid #000",
                "color": "rgba(0, 0, 0, 0.87)",
                "height": "56px",
                "lineHeight": "56px",
                "muiPrepared": true,
                "opacity": 1,
                "overflow": "hidden",
                "paddingLeft": 0,
                "paddingRight": 56,
                "position": "relative",
                "textOverflow": "ellipsis",
                "top": -4,
                "whiteSpace": "nowrap",
              }
            }
          >
            English - Canada
          </div>
          <button
            disabled={false}
            onBlur={[Function]}
            onClick={[Function]}
            onFocus={[Function]}
            onKeyDown={[Function]}
            onKeyUp={[Function]}
            onMouseEnter={[Function]}
            onMouseLeave={[Function]}
            onMouseOut={[Function]}
            onTouchStart={[Function]}
            style={
              Object {
                "WebkitTapHighlightColor": "rgba(0, 0, 0, 0)",
                "background": "none",
                "border": 10,
                "boxSizing": "border-box",
                "cursor": "pointer",
                "display": "inline-block",
                "fill": "#e0e0e0",
                "fontFamily": "Roboto, sans-serif",
                "fontSize": 0,
                "fontWeight": "inherit",
                "height": 48,
                "margin": 0,
                "muiPrepared": true,
                "outline": "none",
                "overflow": "visible",
                "padding": 12,
                "position": "absolute",
                "right": 0,
                "textDecoration": "none",
                "top": 0,
                "transition": "all 450ms cubic-bezier(0.23, 1, 0.32, 1) 0ms",
                "verticalAlign": null,
                "width": 48,
              }
            }
            tabIndex={0}
            type="button"
          >
            <div
              onMouseDown={[Function]}
              onMouseLeave={[Function]}
              onMouseUp={[Function]}
              onTouchEnd={[Function]}
              onTouchStart={[Function]}
            >
              <svg
                onMouseEnter={[Function]}
                onMouseLeave={[Function]}
                style={
                  Object {
                    "color": "rgba(0, 0, 0, 0.87)",
                    "display": "inline-block",
                    "fill": "inherit",
                    "height": 24,
                    "muiPrepared": true,
                    "transition": "all 450ms cubic-bezier(0.23, 1, 0.32, 1) 0ms",
                    "userSelect": "none",
                    "width": 24,
                  }
                }
                viewBox="0 0 24 24"
              >
                <path
                  d="M7 10l5 5 5-5z"
                />
              </svg>
            </div>
          </button>
          <div
            style={
              Object {
                "borderTop": "none",
                "bottom": 1,
                "left": 0,
                "margin": "-1px 24px",
                "muiPrepared": true,
                "position": "absolute",
                "right": 0,
              }
            }
          />
          <div
            style={
              Object {
                "boxSizing": "border-box",
                "clear": "both",
                "content": "' '",
                "display": "table",
                "muiPrepared": true,
              }
            }
          />
        </div>
        <div
          style={
            Object {
              "display": "none",
            }
          }
        />
      </div>
      <div>
        <hr
          aria-hidden="true"
          style={
            Object {
              "borderBottomStyle": "solid",
              "borderBottomWidth": 1,
              "borderColor": "#e0e0e0",
              "borderLeft": "none",
              "borderRight": "none",
              "borderTop": "none",
              "bottom": 8,
              "boxSizing": "content-box",
              "margin": 0,
              "muiPrepared": true,
              "position": "absolute",
              "width": "100%",
            }
          }
        />
        <hr
          aria-hidden="true"
          style={
            Object {
              "borderBottomStyle": "solid",
              "borderBottomWidth": 2,
              "borderColor": "#00bcd4",
              "borderLeft": "none",
              "borderRight": "none",
              "borderTop": "none",
              "bottom": 8,
              "boxSizing": "content-box",
              "margin": 0,
              "muiPrepared": true,
              "position": "absolute",
              "transform": "scaleX(0)",
              "transition": "all 450ms cubic-bezier(0.23, 1, 0.32, 1) 0ms",
              "width": "100%",
            }
          }
        />
      </div>
    </div>
  </div>
</div>
`;

exports[`Storyshots LanguageSelector setting the languageItemStyle prop 1`] = `
<div
  style={
    Object {
      "margin": "20px",
    }
  }
>
  <p>
    some text to translate
  </p>
  <div>
    <div
      className={undefined}
      style={
        Object {
          "backgroundColor": "transparent",
          "cursor": "auto",
          "display": "inline-block",
          "fontFamily": "Roboto, sans-serif",
          "fontSize": 16,
          "height": 48,
          "lineHeight": "24px",
          "muiPrepared": true,
          "position": "relative",
          "transition": "height 200ms cubic-bezier(0.23, 1, 0.32, 1) 0ms",
          "width": 256,
        }
      }
    >
      <div
        style={
          Object {
            "bottom": 12,
            "color": "rgba(0, 0, 0, 0.3)",
            "muiPrepared": true,
            "opacity": 0,
            "position": "absolute",
            "transition": "all 450ms cubic-bezier(0.23, 1, 0.32, 1) 0ms",
          }
        }
      >
         
      </div>
      <div
        className={undefined}
        id="gctools-nrc-language-selector"
        onBlur={[Function]}
        onChange={[Function]}
        onFocus={[Function]}
        style={
          Object {
            "WebkitOpacity": 1,
            "WebkitTapHighlightColor": "rgba(0,0,0,0)",
            "backgroundColor": "rgba(0,0,0,0)",
            "border": "none",
            "color": "rgba(0, 0, 0, 0.87)",
            "cursor": "inherit",
            "display": "block",
            "font": "inherit",
            "fontFamily": "Roboto, sans-serif",
            "fontSize": 15,
            "height": "100%",
            "muiPrepared": true,
            "outline": "none",
            "padding": 0,
            "position": "relative",
            "transition": "all 450ms cubic-bezier(0.23, 1, 0.32, 1) 0ms",
            "width": "100%",
          }
        }
      >
        <div
          onClick={[Function]}
          style={
            Object {
              "cursor": "pointer",
              "height": "100%",
              "muiPrepared": true,
              "position": "relative",
              "width": "100%",
            }
          }
        >
          <div
            style={
              Object {
                "boxSizing": "border-box",
                "content": "' '",
                "display": "table",
                "muiPrepared": true,
              }
            }
          />
          <div
            style={
              Object {
                "color": "rgba(0, 0, 0, 0.87)",
                "height": "56px",
                "lineHeight": "56px",
                "muiPrepared": true,
                "opacity": 1,
                "overflow": "hidden",
                "paddingLeft": 0,
                "paddingRight": 56,
                "position": "relative",
                "textOverflow": "ellipsis",
                "top": -4,
                "whiteSpace": "nowrap",
              }
            }
          >
            English - Canada
          </div>
          <button
            disabled={false}
            onBlur={[Function]}
            onClick={[Function]}
            onFocus={[Function]}
            onKeyDown={[Function]}
            onKeyUp={[Function]}
            onMouseEnter={[Function]}
            onMouseLeave={[Function]}
            onMouseOut={[Function]}
            onTouchStart={[Function]}
            style={
              Object {
                "WebkitTapHighlightColor": "rgba(0, 0, 0, 0)",
                "background": "none",
                "border": 10,
                "boxSizing": "border-box",
                "cursor": "pointer",
                "display": "inline-block",
                "fill": "#e0e0e0",
                "fontFamily": "Roboto, sans-serif",
                "fontSize": 0,
                "fontWeight": "inherit",
                "height": 48,
                "margin": 0,
                "muiPrepared": true,
                "outline": "none",
                "overflow": "visible",
                "padding": 12,
                "position": "absolute",
                "right": 0,
                "textDecoration": "none",
                "top": 0,
                "transition": "all 450ms cubic-bezier(0.23, 1, 0.32, 1) 0ms",
                "verticalAlign": null,
                "width": 48,
              }
            }
            tabIndex={0}
            type="button"
          >
            <div
              onMouseDown={[Function]}
              onMouseLeave={[Function]}
              onMouseUp={[Function]}
              onTouchEnd={[Function]}
              onTouchStart={[Function]}
            >
              <svg
                onMouseEnter={[Function]}
                onMouseLeave={[Function]}
                style={
                  Object {
                    "color": "rgba(0, 0, 0, 0.87)",
                    "display": "inline-block",
                    "fill": "inherit",
                    "height": 24,
                    "muiPrepared": true,
                    "transition": "all 450ms cubic-bezier(0.23, 1, 0.32, 1) 0ms",
                    "userSelect": "none",
                    "width": 24,
                  }
                }
                viewBox="0 0 24 24"
              >
                <path
                  d="M7 10l5 5 5-5z"
                />
              </svg>
            </div>
          </button>
          <div
            style={
              Object {
                "borderTop": "none",
                "bottom": 1,
                "left": 0,
                "margin": "-1px 24px",
                "muiPrepared": true,
                "position": "absolute",
                "right": 0,
              }
            }
          />
          <div
            style={
              Object {
                "boxSizing": "border-box",
                "clear": "both",
                "content": "' '",
                "display": "table",
                "muiPrepared": true,
              }
            }
          />
        </div>
        <div
          style={
            Object {
              "display": "none",
            }
          }
        />
      </div>
      <div>
        <hr
          aria-hidden="true"
          style={
            Object {
              "borderBottomStyle": "solid",
              "borderBottomWidth": 1,
              "borderColor": "#e0e0e0",
              "borderLeft": "none",
              "borderRight": "none",
              "borderTop": "none",
              "bottom": 8,
              "boxSizing": "content-box",
              "margin": 0,
              "muiPrepared": true,
              "position": "absolute",
              "width": "100%",
            }
          }
        />
        <hr
          aria-hidden="true"
          style={
            Object {
              "borderBottomStyle": "solid",
              "borderBottomWidth": 2,
              "borderColor": "#00bcd4",
              "borderLeft": "none",
              "borderRight": "none",
              "borderTop": "none",
              "bottom": 8,
              "boxSizing": "content-box",
              "margin": 0,
              "muiPrepared": true,
              "position": "absolute",
              "transform": "scaleX(0)",
              "transition": "all 450ms cubic-bezier(0.23, 1, 0.32, 1) 0ms",
              "width": "100%",
            }
          }
        />
      </div>
    </div>
  </div>
</div>
`;

exports[`Storyshots LanguageSelector setting the selectedLanguageStyle prop 1`] = `
<div
  style={
    Object {
      "margin": "20px",
    }
  }
>
  <p>
    some text to translate
  </p>
  <div>
    <div
      className={undefined}
      style={
        Object {
          "backgroundColor": "transparent",
          "cursor": "auto",
          "display": "inline-block",
          "fontFamily": "Roboto, sans-serif",
          "fontSize": 16,
          "height": 48,
          "lineHeight": "24px",
          "muiPrepared": true,
          "position": "relative",
          "transition": "height 200ms cubic-bezier(0.23, 1, 0.32, 1) 0ms",
          "width": 256,
        }
      }
    >
      <div
        style={
          Object {
            "bottom": 12,
            "color": "rgba(0, 0, 0, 0.3)",
            "muiPrepared": true,
            "opacity": 0,
            "position": "absolute",
            "transition": "all 450ms cubic-bezier(0.23, 1, 0.32, 1) 0ms",
          }
        }
      >
         
      </div>
      <div
        className={undefined}
        id="gctools-nrc-language-selector"
        onBlur={[Function]}
        onChange={[Function]}
        onFocus={[Function]}
        style={
          Object {
            "WebkitOpacity": 1,
            "WebkitTapHighlightColor": "rgba(0,0,0,0)",
            "backgroundColor": "rgba(0,0,0,0)",
            "border": "none",
            "color": "rgba(0, 0, 0, 0.87)",
            "cursor": "inherit",
            "display": "block",
            "font": "inherit",
            "fontFamily": "Roboto, sans-serif",
            "fontSize": 15,
            "height": "100%",
            "muiPrepared": true,
            "outline": "none",
            "padding": 0,
            "position": "relative",
            "transition": "all 450ms cubic-bezier(0.23, 1, 0.32, 1) 0ms",
            "width": "100%",
          }
        }
      >
        <div
          onClick={[Function]}
          style={
            Object {
              "cursor": "pointer",
              "height": "100%",
              "muiPrepared": true,
              "position": "relative",
              "width": "100%",
            }
          }
        >
          <div
            style={
              Object {
                "boxSizing": "border-box",
                "content": "' '",
                "display": "table",
                "muiPrepared": true,
              }
            }
          />
          <div
            style={
              Object {
                "color": "rgba(0, 0, 0, 0.87)",
                "height": "56px",
                "lineHeight": "56px",
                "muiPrepared": true,
                "opacity": 1,
                "overflow": "hidden",
                "paddingLeft": 0,
                "paddingRight": 56,
                "position": "relative",
                "textOverflow": "ellipsis",
                "top": -4,
                "whiteSpace": "nowrap",
              }
            }
          >
            English - Canada
          </div>
          <button
            disabled={false}
            onBlur={[Function]}
            onClick={[Function]}
            onFocus={[Function]}
            onKeyDown={[Function]}
            onKeyUp={[Function]}
            onMouseEnter={[Function]}
            onMouseLeave={[Function]}
            onMouseOut={[Function]}
            onTouchStart={[Function]}
            style={
              Object {
                "WebkitTapHighlightColor": "rgba(0, 0, 0, 0)",
                "background": "none",
                "border": 10,
                "boxSizing": "border-box",
                "cursor": "pointer",
                "display": "inline-block",
                "fill": "#e0e0e0",
                "fontFamily": "Roboto, sans-serif",
                "fontSize": 0,
                "fontWeight": "inherit",
                "height": 48,
                "margin": 0,
                "muiPrepared": true,
                "outline": "none",
                "overflow": "visible",
                "padding": 12,
                "position": "absolute",
                "right": 0,
                "textDecoration": "none",
                "top": 0,
                "transition": "all 450ms cubic-bezier(0.23, 1, 0.32, 1) 0ms",
                "verticalAlign": null,
                "width": 48,
              }
            }
            tabIndex={0}
            type="button"
          >
            <div
              onMouseDown={[Function]}
              onMouseLeave={[Function]}
              onMouseUp={[Function]}
              onTouchEnd={[Function]}
              onTouchStart={[Function]}
            >
              <svg
                onMouseEnter={[Function]}
                onMouseLeave={[Function]}
                style={
                  Object {
                    "color": "rgba(0, 0, 0, 0.87)",
                    "display": "inline-block",
                    "fill": "inherit",
                    "height": 24,
                    "muiPrepared": true,
                    "transition": "all 450ms cubic-bezier(0.23, 1, 0.32, 1) 0ms",
                    "userSelect": "none",
                    "width": 24,
                  }
                }
                viewBox="0 0 24 24"
              >
                <path
                  d="M7 10l5 5 5-5z"
                />
              </svg>
            </div>
          </button>
          <div
            style={
              Object {
                "borderTop": "none",
                "bottom": 1,
                "left": 0,
                "margin": "-1px 24px",
                "muiPrepared": true,
                "position": "absolute",
                "right": 0,
              }
            }
          />
          <div
            style={
              Object {
                "boxSizing": "border-box",
                "clear": "both",
                "content": "' '",
                "display": "table",
                "muiPrepared": true,
              }
            }
          />
        </div>
        <div
          style={
            Object {
              "display": "none",
            }
          }
        />
      </div>
      <div>
        <hr
          aria-hidden="true"
          style={
            Object {
              "borderBottomStyle": "solid",
              "borderBottomWidth": 1,
              "borderColor": "#e0e0e0",
              "borderLeft": "none",
              "borderRight": "none",
              "borderTop": "none",
              "bottom": 8,
              "boxSizing": "content-box",
              "margin": 0,
              "muiPrepared": true,
              "position": "absolute",
              "width": "100%",
            }
          }
        />
        <hr
          aria-hidden="true"
          style={
            Object {
              "borderBottomStyle": "solid",
              "borderBottomWidth": 2,
              "borderColor": "#00bcd4",
              "borderLeft": "none",
              "borderRight": "none",
              "borderTop": "none",
              "bottom": 8,
              "boxSizing": "content-box",
              "margin": 0,
              "muiPrepared": true,
              "position": "absolute",
              "transform": "scaleX(0)",
              "transition": "all 450ms cubic-bezier(0.23, 1, 0.32, 1) 0ms",
              "width": "100%",
            }
          }
        />
      </div>
    </div>
  </div>
</div>
`;
